<b-action-button icon="add shopping cart" color="primary">
    <button>
        <b-icon size="24" src="add shopping cart">
            <i class="material-icons">add_shopping_cart</i>
        </b-icon>
    </button>
</b-action-button>
