<b-button color="primary">
    <button>
        <slot>Primary</slot>
    </button>
</b-button>
