<b-dialog opened="true">
    <b-dialog--card>
        test
    </b-dialog--card>
</b-dialog>
