<b-icon src="//i.annihil.us/u/prod/marvel/i/mg/c/10/537ba5ff07aa4/standard_xlarge.jpg" size="48">
    <b-icon--src
            style="background-image: url('//i.annihil.us/u/prod/marvel/i/mg/c/10/537ba5ff07aa4/standard_xlarge.jpg')"></b-icon--src>
</b-icon>