<b-input-text name="a" placeholder="Input Placeholder" type="text">
    <input type="text" placeholder="Input Placeholder" name="a">
    <b-input-text--border></b-input-text--border>
</b-input-text>