<b-input-checkbox name="checkbox_1" checked="">
    <label>
        <input name="checkbox_1" type="checkbox" checked="">
        <b-input-checkbox--icon>
            <svg viewBox="0 0 24 24">
                <path d="M9 16.17l-4.17-4.17-1.415 1.415 5.585 5.585 12-12-1.415-1.415z"></path>
            </svg>
        </b-input-checkbox--icon>
        <slot></slot>
    </label>
</b-input-checkbox>