<b-input-radio name="radio" value="radio 1">
    <label>
        <input value="radio 1" name="radio" type="radio">
        <b-input-radio--icon></b-input-radio--icon>
        <slot></slot>
    </label>
</b-input-radio>