<b-input-switch name="switch_1" checked="">
    <label>
        <input name="switch_1" type="checkbox" checked="">
        <b-input-switch--icon></b-input-switch--icon>
        <slot></slot>
    </label>
</b-input-switch>