<b-progress-linear type="indeterminate" color="primary">
    <b-progress-linear--bar></b-progress-linear--bar>
</b-progress-linear>