<b-progress-circular size="56" type="indeterminate" color="primary">
    <svg viewBox="25 25 50 50">
        <circle cx="50" cy="50" r="20" fill="none" stroke-width="5" stroke-miterlimit="10"></circle>
    </svg>
</b-progress-circular>