<b-tabs><slot>
    <b-tabs--item href="#item1"><slot>Item One</slot></b-tabs--item>
    <b-tabs--item href="#item2" active=""><slot>Item Two</slot></b-tabs--item>
    <b-tabs--item href="#item3"><slot>Item Three</slot></b-tabs--item>
    <b-tabs--item href="/item4"><a href="/item4"><slot>Item Four</slot></a></b-tabs--item>
</slot></b-tabs>