<b-textarea name="a" label="Textarea label" rows="1">
    <textarea rows="1" name="a" style="overflow: hidden; word-wrap: break-word; height: 35px;"></textarea>
    <b-textarea--border></b-textarea--border>
    <b-textarea--label>Textarea label</b-textarea--label>
</b-textarea>